Running FastRelax on ranked_0.pdb -> YEL060C_0001.* (in scratch)
Running FastRelax on ranked_0.pdb -> YJL171C_0001.* (in scratch)
Running FastRelax on ranked_0.pdb -> YMR008C_0001.* (in scratch)
Running FastRelax on ranked_0.pdb -> YLR250W_0001.* (in scratch)
Running FastRelax on ranked_0.pdb -> YDR144C_0001.* (in scratch)
Running FastRelax on AF-P02994-F1-model_v4.pdb -> YPR080W_0001.* (in scratch)
Running FastRelax on AF-P10081-F1-model_v4.pdb -> YKR059W_0001.* (in scratch)
Running FastRelax on ranked_0.pdb -> YIL156W-B_0001.* (in scratch)
Running FastRelax on ranked_0.pdb -> YDR057W_0001.* (in scratch)
Running FastRelax on ranked_0.pdb -> YDR304C_0001.* (in scratch)
Running FastRelax on AF-P32324-F1-model_v4.pdb -> YOR133W_0001.* (in scratch)
Running FastRelax on ranked_0.pdb -> YKL021C_0001.* (in scratch)
Running FastRelax on ranked_0.pdb -> YMR112C_0001.* (in scratch)
Running FastRelax on AF-P02309-F1-model_v4.pdb -> YNL030W_0001.* (in scratch)
Running FastRelax on ranked_0.pdb -> YDR055W_0001.* (in scratch)
Running FastRelax on AF-P61830-F1-model_v4.pdb -> YBR010W_0001.* (in scratch)
Running FastRelax on ranked_0.pdb -> YBR014C_0001.* (in scratch)
Running FastRelax on ranked_0.pdb -> YMR214W_0001.* (in scratch)
Running FastRelax on ranked_0.pdb -> YLR104W_0001.* (in scratch)
Running FastRelax on ranked_0.pdb -> YGR189C_0001.* (in scratch)
Running FastRelax on ranked_0.pdb -> YBR067C_0001.* (in scratch)
Running FastRelax on ranked_0.pdb -> YEL040W_0001.* (in scratch)
Running FastRelax on ranked_0.pdb -> YBR078W_0001.* (in scratch)
Running FastRelax on ranked_0.pdb -> YDR261C_0001.* (in scratch)
Running FastRelax on ranked_0.pdb -> YMR215W_0001.* (in scratch)
Running FastRelax on ranked_0.pdb -> YBR093C_0001.* (in scratch)
Running FastRelax on ranked_0.pdb -> YBR092C_0001.* (in scratch)
Running FastRelax on ranked_0.pdb -> YMR297W_0001.* (in scratch)
Running FastRelax on ranked_0.pdb -> YMR307W_0001.* (in scratch)
Running FastRelax on ranked_0.pdb -> YOL030W_0001.* (in scratch)
Running FastRelax on ranked_0.pdb -> YPL154C_0001.* (in scratch)
Running FastRelax on ranked_0.pdb -> YBR121C_0001.* (in scratch)
Running FastRelax on ranked_0.pdb -> YLR299W_0001.* (in scratch)
Running FastRelax on ranked_0.pdb -> YHR138C_0001.* (in scratch)
Running FastRelax on ranked_0.pdb -> YOL081W_0001.* (in scratch)
Running FastRelax on ranked_0.pdb -> YBR140C_0001.* (in scratch)
Running FastRelax on ranked_0.pdb -> YBR162C_0001.* (in scratch)
Running FastRelax on ranked_0.pdb -> YCL043C_0001.* (in scratch)
Running FastRelax on ranked_0.pdb -> YNL160W_0001.* (in scratch)
Running FastRelax on ranked_0.pdb -> YDL010W_0001.* (in scratch)
Running FastRelax on ranked_0.pdb -> YDL046W_0001.* (in scratch)
Running FastRelax on ranked_0.pdb -> YKR042W_0001.* (in scratch)
Running FastRelax on ranked_0.pdb -> YBR229C_0001.* (in scratch)
Running FastRelax on ranked_0.pdb -> YDR150W_0001.* (in scratch)
Running FastRelax on ranked_0.pdb -> YDR221W_0001.* (in scratch)
Running FastRelax on ranked_0.pdb -> YLR385C_0001.* (in scratch)
Running FastRelax on ranked_0.pdb -> YKL164C_0001.* (in scratch)
Running FastRelax on ranked_0.pdb -> YDR349C_0001.* (in scratch)
Running FastRelax on ranked_0.pdb -> YER011W_0001.* (in scratch)
Running FastRelax on ranked_0.pdb -> YMR231W_0001.* (in scratch)
Running FastRelax on ranked_0.pdb -> YLL040C_0001.* (in scratch)
Running FastRelax on ranked_0.pdb -> YER150W_0001.* (in scratch)
Running FastRelax on ranked_0.pdb -> YDR077W_0001.* (in scratch)
Running FastRelax on ranked_0.pdb -> YML130C_0001.* (in scratch)
Running FastRelax on ranked_0.pdb -> YLR110C_0001.* (in scratch)
Running FastRelax on ranked_0.pdb -> YGL228W_0001.* (in scratch)
Running FastRelax on ranked_0.pdb -> YIL015W_0001.* (in scratch)
Running FastRelax on ranked_0.pdb -> YGL028C_0001.* (in scratch)
Running FastRelax on ranked_0.pdb -> YGR282C_0001.* (in scratch)
Running FastRelax on ranked_0.pdb -> YLR390W-A_0001.* (in scratch)
Running FastRelax on ranked_0.pdb -> YHR132C_0001.* (in scratch)
Running FastRelax on ranked_0.pdb -> YHR202W_0001.* (in scratch)
Running FastRelax on ranked_0.pdb -> YIL123W_0001.* (in scratch)
Running FastRelax on ranked_0.pdb -> YJL078C_0001.* (in scratch)
Running FastRelax on ranked_0.pdb -> YJL079C_0001.* (in scratch)
Running FastRelax on ranked_0.pdb -> YKL096W-A_0001.* (in scratch)
Running FastRelax on ranked_0.pdb -> YKR013W_0001.* (in scratch)
Running FastRelax on ranked_0.pdb -> YLR035C-A_0001.* (in scratch)
Running FastRelax on ranked_0.pdb -> YLR194C_0001.* (in scratch)
Running FastRelax on ranked_0.pdb -> YLR300W_0001.* (in scratch)
Running FastRelax on ranked_0.pdb -> YLR313C_0001.* (in scratch)
Running FastRelax on ranked_0.pdb -> YNL190W_0001.* (in scratch)
Running FastRelax on ranked_0.pdb -> YMR207C_0001.* (in scratch)
Running FastRelax on ranked_0.pdb -> YMR251W-A_0001.* (in scratch)
Running FastRelax on ranked_0.pdb -> YNL066W_0001.* (in scratch)
Running FastRelax on ranked_0.pdb -> YNL103W_0001.* (in scratch)
Running FastRelax on ranked_0.pdb -> YOL031C_0001.* (in scratch)
Running FastRelax on ranked_0.pdb -> YNL322C_0001.* (in scratch)
Running FastRelax on ranked_0.pdb -> YOL088C_0001.* (in scratch)
Running FastRelax on ranked_0.pdb -> YNL327W_0001.* (in scratch)
Running FastRelax on ranked_0.pdb -> YNR044W_0001.* (in scratch)
Running FastRelax on ranked_0.pdb -> YNR067C_0001.* (in scratch)
Running FastRelax on ranked_0.pdb -> YOL052C-A_0001.* (in scratch)
Running FastRelax on ranked_0.pdb -> YOR288C_0001.* (in scratch)
Running FastRelax on ranked_0.pdb -> YOR336W_0001.* (in scratch)
Running FastRelax on ranked_0.pdb -> YPL072W_0001.* (in scratch)
Running FastRelax on ranked_0.pdb -> YPL163C_0001.* (in scratch)
Running FastRelax on ranked_0.pdb -> YJL159W_0001.* (in scratch)
Running FastRelax on ranked_0.pdb -> YKL096W_0001.* (in scratch)
Running FastRelax on ranked_0.pdb -> YOL155C_0001.* (in scratch)
Running FastRelax on ranked_0.pdb -> YDR457W_0001.* (in scratch)
