host: I6-CMP-MMLT020.local
Building DAG of jobs...
Using shell: /bin/bash
Provided cores: 1 (use --cores to define parallelism)
Rules claiming more threads will be scaled down.
Job stats:
job                count
---------------  -------
download_inputs        1
total                  1

Select jobs to execute...
Execute 1 jobs...

[Tue Mar 18 15:18:20 2025]
localrule download_inputs:
    output: data-files/.download_complete
    jobid: 0
    reason: Missing output files: data-files/.download_complete
    resources: tmpdir=/var/folders/z7/zgkyq53d7z59nk3r91kprvj40000gp/T

Terminating processes on user request, this might take some time.
RuleException:
CalledProcessError in file /Users/dannissley/Library/CloudStorage/OneDrive-ThePennsylvaniaStateUniversity/Documents/NCEMS/working-groups/energetic-origins-of-PPI-connectivity/Snakefile, line 5:
Command 'set -euo pipefail;  
		bash bash_scripts/download_inputs.sh
		touch data-files/.download_complete' died with <Signals.SIGINT: 2>.
[Tue Mar 18 15:18:49 2025]
Error in rule download_inputs:
    jobid: 0
    output: data-files/.download_complete
    shell:
        
		bash bash_scripts/download_inputs.sh
		touch data-files/.download_complete
		
        (one of the commands exited with non-zero exit code; note that snakemake uses bash strict mode!)

Complete log: .snakemake/log/2025-03-18T151820.565533.snakemake.log
WorkflowError:
At least one job did not complete successfully.
