Structure accession diagnostics:
Nodes with no selected UniProtKB-AC:        1,213
Nodes with >1 UniProtKB-AC value:           0
Nodes with existing selected AF2-EBI PDB:   4,514

Structure preparation diagnostics:
Total nodes:                              5,742
Nodes with selected UniProtKB-AC:          4,529
Nodes with existing AF2-EBI structures:    4,514
Nodes with structure sequence strings:     4,514
Nodes with SignalP-trimmed sequences:      5,645
Nodes with SignalP cleavage sites:         404

Structure sequence-check status counts:
structure_sequence_check_status
match                                      4514
missing_structure_sequence                 1131
missing_structure_and_expected_sequence      97

Final structure source counts:
final_structure_source
EBI-selected-UniProt            4160
None                            1228
EBI-selected-UniProt-cleaved     354

Wrote structure-prepared pickle to: /home/dan182/energetic-origins/arabidopsis-branch/energetic-origins-of-PPI-connectivity/6-dG-calculations/processed-data/in-vivo-athaliana-temp.pkl
Wrote structure-prepared CSV to:    /home/dan182/energetic-origins/arabidopsis-branch/energetic-origins-of-PPI-connectivity/6-dG-calculations/processed-data/in-vivo-athaliana-temp.csv
